exports[`login page > should not have any visual differences in UI #0`] = `
<body>
  <noscript>You need to enable JavaScript to run this app.</noscript>
  <div id="root">
    <div class="guest-container">
      <div
        class="guest-block"
        style="transform: translateX(50px) translateZ(0px);"
      >
        <h3 class="guest-title">Login</h3>
        <form action="#" class="auth-form">
          <div class="mb-8">
            <label class="input-label-top" for="email">Email</label
            ><input
              name="email"
              type="email"
              placeholder="email@domain.com"
              class="form-input"
              value=""
            />
          </div>
          <div class="mb-8">
            <label class="input-label-top" for="password">Password</label
            ><input
              name="password"
              type="password"
              placeholder="********"
              class="form-input"
              value=""
            />
          </div>
          <div class="mb-4 text-center">
            <button type="submit" class="btn-submit btn-disabled" disabled="">
              Login
            </button>
          </div>
          <div class="text-center">
            <a class="guest-link" href="/forgot-password">Forgot Password?</a>
          </div>
          <hr class="my-4 border-t" />
          <div class="text-center">
            <a class="guest-link" href="/register">Create an Account!</a>
          </div>
        </form>
      </div>
    </div>
  </div>
  <!--
      This HTML file is a template.
      If you open it directly in the browser, you will see an empty page.

      You can add webfonts, meta tags, or analytics to this file.
      The build step will place the bundled scripts into the <body> tag.

      To begin the development, run \`npm start\` or \`yarn start\`.
      To create a production bundle, use \`npm run build\` or \`yarn build\`.
    -->
  <script src="/static/js/bundle.js"></script>
  <script src="/static/js/0.chunk.js"></script>
  <script src="/static/js/main.chunk.js"></script>
</body>
`;
